(q2) [b23cs1037@dgx q2]$ python main.py 
Epoch 1/15: 100%|█████████████████████████████████████████████████████████████████████████████████████████████████████████████████████| 53/53 [00:08<00:00,  6.15it/s, loss=1.8]

[Epoch 1] Avg Loss: 2.2461 | mIOU: 0.1186 | mDICE: 0.1368

Epoch 2/15: 100%|████████████████████████████████████████████████████████████████████████████████████████████████████████████████████| 53/53 [00:07<00:00,  6.93it/s, loss=1.52]

[Epoch 2] Avg Loss: 1.6605 | mIOU: 0.2633 | mDICE: 0.2831

Epoch 3/15: 100%|█████████████████████████████████████████████████████████████████████████████████████████████████████████████████████| 53/53 [00:08<00:00,  6.30it/s, loss=1.3]

[Epoch 3] Avg Loss: 1.4186 | mIOU: 0.3594 | mDICE: 0.3817

Epoch 4/15: 100%|████████████████████████████████████████████████████████████████████████████████████████████████████████████████████| 53/53 [00:07<00:00,  6.99it/s, loss=1.13]

[Epoch 4] Avg Loss: 1.2188 | mIOU: 0.5371 | mDICE: 0.5625

Epoch 5/15: 100%|████████████████████████████████████████████████████████████████████████████████████████████████████████████████████| 53/53 [00:08<00:00,  6.18it/s, loss=1.04]

[Epoch 5] Avg Loss: 1.0404 | mIOU: 0.5952 | mDICE: 0.6230

Epoch 6/15: 100%|███████████████████████████████████████████████████████████████████████████████████████████████████████████████████| 53/53 [00:10<00:00,  5.27it/s, loss=0.844]

[Epoch 6] Avg Loss: 0.8900 | mIOU: 0.7145 | mDICE: 0.7422

Epoch 7/15: 100%|███████████████████████████████████████████████████████████████████████████████████████████████████████████████████| 53/53 [00:10<00:00,  5.24it/s, loss=0.703]

[Epoch 7] Avg Loss: 0.7549 | mIOU: 0.8424 | mDICE: 0.8681

Epoch 8/15: 100%|███████████████████████████████████████████████████████████████████████████████████████████████████████████████████| 53/53 [00:11<00:00,  4.62it/s, loss=0.608]

[Epoch 8] Avg Loss: 0.6436 | mIOU: 0.8752 | mDICE: 0.8991

Epoch 9/15: 100%|████████████████████████████████████████████████████████████████████████████████████████████████████████████████████| 53/53 [00:07<00:00,  7.29it/s, loss=0.51]

[Epoch 9] Avg Loss: 0.5550 | mIOU: 0.8790 | mDICE: 0.9030

Epoch 10/15: 100%|██████████████████████████████████████████████████████████████████████████████████████████████████████████████████| 53/53 [00:09<00:00,  5.68it/s, loss=0.435]

[Epoch 10] Avg Loss: 0.4704 | mIOU: 0.9063 | mDICE: 0.9316

Epoch 11/15: 100%|██████████████████████████████████████████████████████████████████████████████████████████████████████████████████| 53/53 [00:09<00:00,  5.81it/s, loss=0.368]

[Epoch 11] Avg Loss: 0.4086 | mIOU: 0.9190 | mDICE: 0.9452

Epoch 12/15: 100%|██████████████████████████████████████████████████████████████████████████████████████████████████████████████████| 53/53 [00:06<00:00,  7.70it/s, loss=0.331]

[Epoch 12] Avg Loss: 0.3533 | mIOU: 0.9277 | mDICE: 0.9528

Epoch 13/15: 100%|██████████████████████████████████████████████████████████████████████████████████████████████████████████████████| 53/53 [00:07<00:00,  6.80it/s, loss=0.291]

[Epoch 13] Avg Loss: 0.3118 | mIOU: 0.9339 | mDICE: 0.9586

Epoch 14/15: 100%|██████████████████████████████████████████████████████████████████████████████████████████████████████████████████| 53/53 [00:08<00:00,  6.59it/s, loss=0.249]

[Epoch 14] Avg Loss: 0.2763 | mIOU: 0.9388 | mDICE: 0.9625

Epoch 15/15: 100%|██████████████████████████████████████████████████████████████████████████████████████████████████████████████████| 53/53 [00:07<00:00,  7.46it/s, loss=0.233]

[Epoch 15] Avg Loss: 0.2452 | mIOU: 0.9417 | mDICE: 0.9635

Final model saved to Question2/final_model.pth

Final Test Results -> mIOU: 0.9443, mDICE: 0.9663