
============================================================
Training started: 2026-02-22T18:01:13.046680
============================================================
[step   100]  epoch=0.1562  grad_norm=8.9990  learning_rate=0.0000  loss=2.0641
[step   100]  epoch=0.1562  eval_accuracy=0.3325  eval_loss=1.8948  eval_runtime=14.1241  eval_samples_per_second=113.2810  eval_steps_per_second=7.0800
[step   200]  epoch=0.3125  grad_norm=18.6030  learning_rate=0.0000  loss=1.5329
[step   200]  epoch=0.3125  eval_accuracy=0.4975  eval_loss=1.4235  eval_runtime=14.2807  eval_samples_per_second=112.0390  eval_steps_per_second=7.0020
[step   300]  epoch=0.4688  grad_norm=19.9515  learning_rate=0.0000  loss=1.3353
[step   300]  epoch=0.4688  eval_accuracy=0.5550  eval_loss=1.2567  eval_runtime=14.1732  eval_samples_per_second=112.8890  eval_steps_per_second=7.0560
[step   400]  epoch=0.6250  grad_norm=22.7135  learning_rate=0.0000  loss=1.2557
[step   400]  epoch=0.6250  eval_accuracy=0.5706  eval_loss=1.2472  eval_runtime=14.1868  eval_samples_per_second=112.7810  eval_steps_per_second=7.0490
[step   500]  epoch=0.7812  grad_norm=22.6004  learning_rate=0.0000  loss=1.2034
[step   500]  epoch=0.7812  eval_accuracy=0.5819  eval_loss=1.1769  eval_runtime=14.2037  eval_samples_per_second=112.6470  eval_steps_per_second=7.0400
[step   600]  epoch=0.9375  grad_norm=22.0718  learning_rate=0.0000  loss=1.2278
[step   600]  epoch=0.9375  eval_accuracy=0.5925  eval_loss=1.1394  eval_runtime=14.2191  eval_samples_per_second=112.5250  eval_steps_per_second=7.0330
[step   700]  epoch=1.0938  grad_norm=29.9728  learning_rate=0.0000  loss=1.1008
[step   700]  epoch=1.0938  eval_accuracy=0.5925  eval_loss=1.1642  eval_runtime=14.1942  eval_samples_per_second=112.7220  eval_steps_per_second=7.0450
[step   800]  epoch=1.2500  grad_norm=12.6090  learning_rate=0.0000  loss=0.9821
[step   800]  epoch=1.2500  eval_accuracy=0.5975  eval_loss=1.1533  eval_runtime=14.2473  eval_samples_per_second=112.3020  eval_steps_per_second=7.0190
[step   900]  epoch=1.4062  grad_norm=29.9728  learning_rate=0.0000  loss=0.9194
[step   900]  epoch=1.4062  eval_accuracy=0.5931  eval_loss=1.1498  eval_runtime=14.2552  eval_samples_per_second=112.2400  eval_steps_per_second=7.0150
[step  1000]  epoch=1.5625  grad_norm=16.4557  learning_rate=0.0000  loss=0.9895
[step  1000]  epoch=1.5625  eval_accuracy=0.6069  eval_loss=1.1174  eval_runtime=14.2567  eval_samples_per_second=112.2280  eval_steps_per_second=7.0140
[step  1100]  epoch=1.7188  grad_norm=25.0238  learning_rate=0.0000  loss=0.9730
[step  1100]  epoch=1.7188  eval_accuracy=0.6119  eval_loss=1.1225  eval_runtime=14.2450  eval_samples_per_second=112.3200  eval_steps_per_second=7.0200
[step  1200]  epoch=1.8750  grad_norm=21.7177  learning_rate=0.0000  loss=0.9048
[step  1200]  epoch=1.8750  eval_accuracy=0.6181  eval_loss=1.1209  eval_runtime=14.2691  eval_samples_per_second=112.1310  eval_steps_per_second=7.0080
[step  1300]  epoch=2.0312  grad_norm=25.0494  learning_rate=0.0000  loss=0.8985
[step  1300]  epoch=2.0312  eval_accuracy=0.6150  eval_loss=1.1175  eval_runtime=14.2260  eval_samples_per_second=112.4700  eval_steps_per_second=7.0290
[step  1400]  epoch=2.1875  grad_norm=24.8914  learning_rate=0.0000  loss=0.7009
[step  1400]  epoch=2.1875  eval_accuracy=0.6062  eval_loss=1.1529  eval_runtime=14.2460  eval_samples_per_second=112.3120  eval_steps_per_second=7.0200
[step  1500]  epoch=2.3438  grad_norm=43.5017  learning_rate=0.0000  loss=0.7484
[step  1500]  epoch=2.3438  eval_accuracy=0.6144  eval_loss=1.1533  eval_runtime=14.2503  eval_samples_per_second=112.2790  eval_steps_per_second=7.0170
[step  1600]  epoch=2.5000  grad_norm=25.1643  learning_rate=0.0000  loss=0.7235
[step  1600]  epoch=2.5000  eval_accuracy=0.6125  eval_loss=1.1529  eval_runtime=14.2380  eval_samples_per_second=112.3750  eval_steps_per_second=7.0230
[step  1700]  epoch=2.6562  grad_norm=27.2360  learning_rate=0.0000  loss=0.7268
[step  1700]  epoch=2.6562  eval_accuracy=0.6094  eval_loss=1.1474  eval_runtime=14.2434  eval_samples_per_second=112.3330  eval_steps_per_second=7.0210
[step  1800]  epoch=2.8125  grad_norm=6.0772  learning_rate=0.0000  loss=0.6741
[step  1800]  epoch=2.8125  eval_accuracy=0.6119  eval_loss=1.1610  eval_runtime=14.2501  eval_samples_per_second=112.2800  eval_steps_per_second=7.0170
[step  1900]  epoch=2.9688  grad_norm=40.9027  learning_rate=0.0000  loss=0.7417
[step  1900]  epoch=2.9688  eval_accuracy=0.6106  eval_loss=1.1537  eval_runtime=14.2514  eval_samples_per_second=112.2690  eval_steps_per_second=7.0170
[step  1920]  epoch=3.0000  total_flos=5052004407705600.0000  train_loss=1.0340  train_runtime=865.3114  train_samples_per_second=22.1890  train_steps_per_second=2.2190
[step  1920]  epoch=3.0000  eval_accuracy=0.6169  eval_loss=1.1207  eval_runtime=14.1520  eval_samples_per_second=113.0580  eval_steps_per_second=7.0660
