2026-02-22 18:01:09,742  INFO  Plain-text log → ./logs/train.log
2026-02-22 18:01:09,742  INFO  Setting up environment …
2026-02-22 18:01:09,742  INFO  Using device: cuda
2026-02-22 18:01:10,010  INFO  HTTP Request: GET https://huggingface.co/api/whoami-v2 "HTTP/1.1 200 OK"
2026-02-22 18:01:10,011  WARNING  Note: Environment variable`HF_TOKEN` is set and is the current active token independently from the token you've just configured.
2026-02-22 18:01:10,242  INFO  HTTP Request: GET https://huggingface.co/api/whoami-v2 "HTTP/1.1 200 OK"
2026-02-22 18:01:10,242  INFO  Using HF user: {'type': 'user', 'id': '68404c22c5b4a82ed1bce5ac', 'name': 'Laksh-Mendpara', 'fullname': 'Laksh Mendpara', 'email': 'lakshmendpara4@gmail.com', 'emailVerified': True, 'canPay': False, 'billingMode': 'prepaid', 'periodEnd': 1772323200, 'isPro': False, 'avatarUrl': '/avatars/06c5d11532e0ffd5d61aecd78bddb42f.svg', 'orgs': [], 'auth': {'type': 'access_token', 'accessToken': {'displayName': 'minorexam', 'role': 'write', 'createdAt': '2026-02-21T10:35:54.899Z'}}}
2026-02-22 18:01:10,242  INFO  Loading review data …
2026-02-22 18:01:10,262  INFO  Train: 6400  Test: 1600
2026-02-22 18:01:10,262  INFO  Tokenising with model: roberta-base …
2026-02-22 18:01:10,496  INFO  HTTP Request: HEAD https://huggingface.co/roberta-base/resolve/main/config.json "HTTP/1.1 200 OK"
2026-02-22 18:01:10,737  INFO  HTTP Request: HEAD https://huggingface.co/roberta-base/resolve/main/tokenizer_config.json "HTTP/1.1 200 OK"
2026-02-22 18:01:10,969  INFO  HTTP Request: GET https://huggingface.co/api/models/roberta-base/tree/main/additional_chat_templates?recursive=false&expand=false "HTTP/1.1 307 Temporary Redirect"
2026-02-22 18:01:11,206  INFO  HTTP Request: GET https://huggingface.co/api/models/FacebookAI/roberta-base/tree/main/additional_chat_templates?recursive=false&expand=false "HTTP/1.1 404 Not Found"
2026-02-22 18:01:11,445  INFO  HTTP Request: GET https://huggingface.co/api/models/roberta-base/tree/main?recursive=true&expand=false "HTTP/1.1 307 Temporary Redirect"
2026-02-22 18:01:11,682  INFO  HTTP Request: GET https://huggingface.co/api/models/FacebookAI/roberta-base/tree/main?recursive=true&expand=false "HTTP/1.1 200 OK"
2026-02-22 18:01:12,451  INFO  Label map saved to ./fine-tuned-genre-model/label_map.json
2026-02-22 18:01:12,451  INFO  Loading pre-trained model: roberta-base …
2026-02-22 18:01:12,684  INFO  HTTP Request: HEAD https://huggingface.co/roberta-base/resolve/main/config.json "HTTP/1.1 200 OK"
2026-02-22 18:01:13,052  INFO  Starting training …
2026-02-22 18:15:38,537  INFO  Saving model to ./fine-tuned-genre-model …
2026-02-22 18:15:39,341  INFO  Running final evaluation …
2026-02-22 18:15:53,494  INFO  Eval results: {'eval_loss': 1.1206536293029785, 'eval_accuracy': 0.616875, 'eval_runtime': 14.152, 'eval_samples_per_second': 113.058, 'eval_steps_per_second': 7.066, 'epoch': 3.0}
2026-02-22 18:15:53,494  INFO  Metrics saved to ./results/train_eval_metrics.json
2026-02-22 18:15:53,494  INFO  Pushing model to HuggingFace Hub: Laksh-Mendpara/MLOps-Assignment-3 …
2026-02-22 18:15:53,757  INFO  HTTP Request: POST https://huggingface.co/api/repos/create "HTTP/1.1 409 Conflict"
2026-02-22 18:15:53,993  INFO  HTTP Request: HEAD https://huggingface.co/Laksh-Mendpara/MLOps-Assignment-3/resolve/main/README.md "HTTP/1.1 307 Temporary Redirect"
2026-02-22 18:15:54,223  INFO  HTTP Request: HEAD https://huggingface.co/api/resolve-cache/models/Laksh-Mendpara/MLOps-Assignment-3/f7f8fc56374dd22646beb818698017bacc354092/README.md "HTTP/1.1 200 OK"
2026-02-22 18:15:54,460  INFO  HTTP Request: GET https://huggingface.co/api/resolve-cache/models/Laksh-Mendpara/MLOps-Assignment-3/f7f8fc56374dd22646beb818698017bacc354092/README.md "HTTP/1.1 200 OK"
2026-02-22 18:15:55,824  INFO  HTTP Request: POST https://huggingface.co/api/validate-yaml "HTTP/1.1 200 OK"
2026-02-22 18:15:56,080  INFO  HTTP Request: POST https://huggingface.co/api/models/Laksh-Mendpara/MLOps-Assignment-3/preupload/main "HTTP/1.1 200 OK"
2026-02-22 18:15:56,317  INFO  HTTP Request: POST https://huggingface.co/Laksh-Mendpara/MLOps-Assignment-3.git/info/lfs/objects/batch "HTTP/1.1 200 OK"
2026-02-22 18:15:56,556  INFO  HTTP Request: GET https://huggingface.co/api/models/Laksh-Mendpara/MLOps-Assignment-3/xet-write-token/main "HTTP/1.1 200 OK"
2026-02-22 18:16:30,932  INFO  HTTP Request: POST https://huggingface.co/api/models/Laksh-Mendpara/MLOps-Assignment-3/commit/main "HTTP/1.1 200 OK"
2026-02-22 18:16:31,542  INFO  HTTP Request: POST https://huggingface.co/api/repos/create "HTTP/1.1 409 Conflict"
2026-02-22 18:16:31,789  INFO  HTTP Request: HEAD https://huggingface.co/Laksh-Mendpara/MLOps-Assignment-3/resolve/main/README.md "HTTP/1.1 307 Temporary Redirect"
2026-02-22 18:16:32,058  INFO  HTTP Request: HEAD https://huggingface.co/api/resolve-cache/models/Laksh-Mendpara/MLOps-Assignment-3/2343c112f8fff21480e56fcc63b27b78bcaab98d/README.md "HTTP/1.1 200 OK"
2026-02-22 18:16:32,334  INFO  HTTP Request: POST https://huggingface.co/api/validate-yaml "HTTP/1.1 200 OK"
2026-02-22 18:16:32,590  INFO  HTTP Request: POST https://huggingface.co/api/models/Laksh-Mendpara/MLOps-Assignment-3/preupload/main "HTTP/1.1 200 OK"
2026-02-22 18:16:34,987  INFO  HTTP Request: POST https://huggingface.co/api/models/Laksh-Mendpara/MLOps-Assignment-3/commit/main "HTTP/1.1 200 OK"
2026-02-22 18:16:34,990  INFO  Model and tokenizer pushed successfully to Laksh-Mendpara/MLOps-Assignment-3
2026-02-22 18:16:34,990  INFO  Done.
